// Jest Snapshot v1, https://goo.gl/fbAQLP

exports[`ReactInput gets removed properly 1`] = `
<form>
  <button
    onClick={[Function]}
  />
</form>
`;
