// Jest Snapshot v1, https://goo.gl/fbAQLP

exports[`WizardPanel shallow render 1`] = `
<TabPanel
  active={true}
  anotherProp={false}
  className="wizard-step"
  tabId="tab1"
  tag="div"
>
  <hr />
</TabPanel>
`;
